---
source: crates/marion-supervisor/src/home/tests.rs
expression: screen
---
 ◆ marion  ~/code/acme-api                           Start   Watch   Setup   ?
 ──────────────────────────────────────────────────────────────────────────────

  WATCH                                  EVERYWHERE
  j/k    move                            tab    next screen
  enter  its stream full-screen; a pan…  ?      help (Start: empty prompt)
  esc    back from the stream            F1     help, from anywhere
  s      steer                           ^c     quit
  x      cancel, asks first              q      quit, off Start
  u      bring back an ended agent fro…  START
  o      shell in its workspace          enter  run
  d      what its branch changed         ↑↓     harness
  m      merge its branch, asks first    ←→     model
  c      copy the merge                  ^o     next agent type
  !      next that needs you             ^p     headless or pane
  J/K    scroll its stream               esc    clear the prompt
                                         SETUP
                                         enter  on Harnesses: details and its…
  ↓ 8 below  j/k scroll

 ╭────────────────────────────────────────────────────────────────────────────╮
 │ ❯ marion --help                                                            │
 ╰────────────────────────────────────────────────────────────────────────────╯
  esc back · j/k scroll · tab next screen                              F1 help
