---
source: crates/marion-tui/tests/home_screens.rs
expression: "report(&sc, 80, 24)"
---
--- 80x24 ---
 ◆ marion  ~/code/acme-api                           Start   Watch   Setup   ?
 ──────────────────────────────────────────────────────────────────────────────

  AGENTS   0 · 0 running




                                 No agents yet.

          Start a task on the Start tab, or run marion run in a shell.









 ╭────────────────────────────────────────────────────────────────────────────╮
 │ ❯ marion run <type> --prompt <text>                                        │
 ╰────────────────────────────────────────────────────────────────────────────╯
  j/k move · enter attach · s steer · x cancel · m merge               F1 help
--- styles ---
   18  Style::new().fg(Color::Reset).bg(Color::Reset).bold()  "marionNoagentsyet."
   19  Style::new().fg(Color::Reset).bg(Color::Reset).bold().dim()  "AGENTSj/kentersxmF1"
  373  Style::new().fg(Color::Reset).bg(Color::Reset).dim()  "~/code/acme-apiStartSetu"
    1  Style::new().fg(Color::Rgb(193, 95, 60)).bg(Color::Reset)  "◆"
   15  Style::new().fg(Color::Rgb(193, 95, 60)).bg(Color::Reset).bold()  "Watchmarionrun❯"
