---
source: crates/marion-tui/tests/home_screens.rs
expression: "report(&screen(Body::Setup(&v), input, \"profiles\"), 100, 30)"
---
--- 100x30 ---
 ◆ marion  ~/code/acme-api                                            Start   Watch ◐2   Setup   ?
 ──────────────────────────────────────────────────────────────────────────────────────────────────

  HARNESSES   3 of 6 ready

  ● claude       2.1.268   ready                       headless · pane · channel push
  ● codex        0.61.0    ready                       headless · pane · ACP
  ◐ gemini       0.9.1     sign-in needed              headless · pane
  ● opencode     1.2.3     ready                       headless · pane · ACP
  ✗ copilot      0.0.339   too old, needs ≥ 0.0.350    headless · ACP
  ○ agy          —         not installed               —

  PROJECT
  repo ~/code/acme-api · state ~/.local/state/marion · agents .marion/agents.toml

  AGENT TYPES   7 · custom ones come from .marion/agents.toml
  ● claude   ● claude-orchestrator   ● codex   ◐ gemini   ● opencode   ● reviewer   ● migrator
  ✓ .marion/agents.toml: 2 types, valid

  API KEYS
  no keys stored · a adds one with marion login <provider>

  LOGINS
❯ + add a profile
  each harness uses its own login · a runs marion profile add, then you run the login it prints

 ╭────────────────────────────────────────────────────────────────────────────────────────────────╮
 │ ❯ marion profile add <harness> <name>                                                        a │
 ╰────────────────────────────────────────────────────────────────────────────────────────────────╯
  j/k move · a add login · u use · x remove                                                F1 help
--- styles ---
  142  Style::new().fg(Color::Reset).bg(Color::Reset)  "claudecodexgeminiopencod"
   18  Style::new().fg(Color::Reset).bg(Color::Reset).bold()  "marion+addaprofile"
   39  Style::new().fg(Color::Reset).bg(Color::Reset).bold().dim()  "HARNESSESPROJECTAGENTTYP"
  705  Style::new().fg(Color::Reset).bg(Color::Reset).dim()  "~/code/acme-apiStartWatc"
   17  Style::new().fg(Color::Rgb(193, 95, 60)).bg(Color::Reset)  "◆reviewermigrator"
   46  Style::new().fg(Color::Rgb(193, 95, 60)).bg(Color::Reset).bold()  "Setupamarionlogin<provid"
   10  Style::new().green().bg(Color::Reset)  "●●●●●●●●●✓"
   21  Style::new().red().bg(Color::Reset)  "✗tooold,needs≥0.0.350"
   17  Style::new().yellow().bg(Color::Reset)  "◐2◐sign-inneeded◐"
